<div class="btn-group">
  <a class="btn btn-default">Default</a>
  <a class="btn btn-primary">Primary</a>
</div>
