<img class="img-responsive" src="something"/>

<ul class="dropdown-menu">
  <li class="dropdown-header">header</li>
</ul>
