<a><i class="fa fa-times fa-large fa-spin"></i></a>
<a><i class="fa fa-ban"></i></a>
